MS2007487-600V3:1:1103:08049:16258
CTCAAGAAAATGCAGGTTTGCATAAAAGTACCTGTGAAGAGATCGGCAAT
||||||||||||||||||||||||||||||||||||||||||||||||||
CTCAAGAAAATGCAGGTTTGCATAAAAGTACCTGTGAAGAGATCGGCAAT

AGGTGGAGTCAGGCTCTCACTGGCCCTCCAGAGCATTTCCATCTCTTTGG
||||||||||||||||||||||||||||||||||||||||||||||||||
AGGTGGAGTCAGGCTCTCACTGGCCCTCCAGAGCATTTCCATCTCTTTGG

TCTTCATCCTGCGGTCCTTGTCCTGGTAGTCCAAGCGGCCAAAGAAGAAG
|||||||||||||||||||||||||||||||||||||||||   ||||||
TCTTCATCCTGCGGTCCTTGTCCTGGTAGTCCAAGCGGCCA---AAGAAG

CCGTCATAGCCCATCTATAAACAAATCAGAGCAGAGCCATCAGCAACTTT
||||||||||||||||||||||||||||||||||||||||||||||||||
CCGTCATAGCCCATCTATAAACAAATCAGAGCAGAGCCATCAGCAACTTT

AGATATTAAAATACAATTCATGATGCCAGATAACATGCCATGGCTACCTG
||||||||||||||||||||||||||||||||||||||||||||||||||
AGATATTAAAATACAATTCATGATGCCAGATAACATGCCATGGCTACCTG

AGCAAAGATGGAGGCGTGTTCT.......
||||||||||||||||||||||       
AGCAAAGATGGAGGCGTGTTCTaaaccaa

