r004
ATAGCT..............CTCAGC
||||||               |||||
ATAGCT..............-TCAGC

