MS2007487-600V3:1:2104:28968:11326
.AAAGCTCTTTCAAACCCTGGTAGATGTGATCCTTCAGGACAGGAGCATA
 ||:||||||||||||||||||||||||||||||||||||||||||||||
aAAGGCTCTTTCAAACCCTGGTAGATGTGATCCTTCAGGACAGGAGCATA

TGTGATCAGCCCAGACAGAGCAATGAAAATCTTCTCAAACCGCTTCCATA
|||:||||||||||||||||||||||||||||||||||||||||||||||
TGTAATCAGCCCAGACAGAGCAATGAAAATCTTCTCAAACCGCTTCCATA

TATAGTCCTGT---GTGGGATAAGACGTCTCCGGGTCTTCCGTAAAAAGC
|||||||||:|   :|:|||||||||||||||||||||||||||||||||
TATAGTCCTATATAATAGGATAAGACGTCTCCGGGTCTTCCGTAAAAAGC

GTTAGATTACGCATCAAGCTGAAAGATAATGGCTGAGTTAGTCTACAGTA
|||||:||||||||||||||||||||||||||||||||||||||||||||
GTTAGCTTACGCATCAAGCTGAAAGATAATGGCTGAGTTAGTCTACAGTA

GTCAACGTTTGGATTTGGTTAATTAAATGAGAGCTATTATGCAAAACTCA
||||||||||||||||||||||||||||||||||||||||||:|||||||
GTCAACGTTTGGATTTGGTTAATTAAATGAGAGCTATTATGCCAAACTCA

CTCTTTAACTCACTTGTTGTTTAAAAAAGGTTGTGTGGCAACA
|||||||||||||||||||||||||||||||||||||||||||
CTCTTTAACTCACTTGTTGTTTAAAAAAGGTTGTGTGGCAACA

