MS2007487-600V3:1:2109:08999:01136
CTTCTATTATCCTT
|||:||||::||||
CTTATATTGGCCTT

