r002
aAAAGATAA*G*GGATAAA
   ||||||    ||||  
.--AGATAA*-*-GATA--

